+-----------------------------------------+
|                                         |
|   Error, data file might be corrupted   |
|                                         |
+-----------------------------------------+
+--------------------------+
|                          |
|   Corrupt file deleted   |
|                          |
+--------------------------+
+-------------------------------------------+
|                                           |
|   Data file created under data/duke.txt   |
|                                           |
+-------------------------------------------+
 _    _      _
| |  | |    | |
| |  | | ___| | ___ ___  _ __ ___   ___
| |/\| |/ _ \ |/ __/ _ \| '_ ` _ \ / _ \
\  /\  /  __/ | (_| (_) | | | | | |  __/
 \/  \/ \___|_|\___\___/|_| |_| |_|\___|
____________________________________________________________
 __
('')  Hello! I'm MK.II Titan with feelings.
// \  What can I do for you?
|_/|
____________________________________________________________
____________________________________________________________
 __
( ")  Bye! I said with a disappointed look.
|| \
|_||
____________________________________________________________
