+-------------------------------------------+
|                                           |
|   Data file created under data/duke.txt   |
|                                           |
+-------------------------------------------+
 _    _      _
| |  | |    | |
| |  | | ___| | ___ ___  _ __ ___   ___
| |/\| |/ _ \ |/ __/ _ \| '_ ` _ \ / _ \
\  /\  /  __/ | (_| (_) | | | | | |  __/
 \/  \/ \___|_|\___\___/|_| |_| |_|\___|
____________________________________________________________
 __
('')  Hello! I'm MK.II Titan with feelings.
// \  What can I do for you?
|_/|
____________________________________________________________
       ____________      ____________      ____________
______/ [T]: 0     \____/ [D]: 0     \____/ [E]: 0     \____
|| >>> ------------------------------------------------------------
+--------------------------------------------------------+
|                                                        |
|   Task successfully added, I said with a posed look.   |
|   [T][X] make cake                                     |
|   You now have a total of 1 tasks in the list          |
|                                                        |
+--------------------------------------------------------+
       ____________      ____________      ____________
______/ [T]: 1     \____/ [D]: 0     \____/ [E]: 0     \____
|| >>> ------------------------------------------------------------
+--------------------------------------------------------+
|                                                        |
|   Task successfully added, I said with a posed look.   |
|   [D][X] revise math (by: 22 Jan 2020 10:00 PM)        |
|   You now have a total of 2 tasks in the list          |
|                                                        |
+--------------------------------------------------------+
       ____________      ____________      ____________
______/ [T]: 1     \____/ [D]: 1     \____/ [E]: 0     \____
|| >>> ------------------------------------------------------------
+--------------------------------------------------------+
|                                                        |
|   Task successfully added, I said with a posed look.   |
|   [E][X] countdown party (at: 22 Sep 2020 11:59 PM)    |
|   You now have a total of 3 tasks in the list          |
|                                                        |
+--------------------------------------------------------+
       ____________      ____________      ____________
______/ [T]: 1     \____/ [D]: 1     \____/ [E]: 1     \____
|| >>> ------------------------------------------------------------
+----------------------------------------------------------+
|                                                          |
|   Here are the tasks in your list                        |
|   1. [T][X] make cake                                    |
|   2. [D][X] revise math (by: 22 Jan 2020 10:00 PM)       |
|   3. [E][X] countdown party (at: 22 Sep 2020 11:59 PM)   |
|                                                          |
+----------------------------------------------------------+
       ____________      ____________      ____________
______/ [T]: 1     \____/ [D]: 1     \____/ [E]: 1     \____
|| >>> ------------------------------------------------------------
+----------------------------------+
|                                  |
|   Here are your search results   |
|   1. [T][X] make cake            |
|                                  |
+----------------------------------+
       ____________      ____________      ____________
______/ [T]: 1     \____/ [D]: 1     \____/ [E]: 1     \____
|| >>> ------------------------------------------------------------
+----------------------------------+
|                                  |
|   Here are your search results   |
|   1. [T][X] make cake            |
|                                  |
+----------------------------------+
       ____________      ____________      ____________
______/ [T]: 1     \____/ [D]: 1     \____/ [E]: 1     \____
|| >>> ------------------------------------------------------------
+----------------------------------------------------------+
|                                                          |
|   Here are your search results                           |
|   1. [T][X] make cake                                    |
|   2. [E][X] countdown party (at: 22 Sep 2020 11:59 PM)   |
|                                                          |
+----------------------------------------------------------+
       ____________      ____________      ____________
______/ [T]: 1     \____/ [D]: 1     \____/ [E]: 1     \____
|| >>> ------------------------------------------------------------
+-----------------------------------------+
|                                         |
|   Understood, setting task 1 as done:   |
|   [T][Y] make cake                      |
|                                         |
+-----------------------------------------+
       ____________      ____________      ____________
______/ [T]: 1     \____/ [D]: 1     \____/ [E]: 1     \____
|| >>> ------------------------------------------------------------
+---------------------------------------------------+
|                                                   |
|   Understood, setting task 2 as done:             |
|   [D][Y] revise math (by: 22 Jan 2020 10:00 PM)   |
|                                                   |
+---------------------------------------------------+
       ____________      ____________      ____________
______/ [T]: 1     \____/ [D]: 1     \____/ [E]: 1     \____
|| >>> ------------------------------------------------------------
+-------------------------------------------------------+
|                                                       |
|   Understood, setting task 3 as done:                 |
|   [E][Y] countdown party (at: 22 Sep 2020 11:59 PM)   |
|                                                       |
+-------------------------------------------------------+
       ____________      ____________      ____________
______/ [T]: 1     \____/ [D]: 1     \____/ [E]: 1     \____
|| >>> ------------------------------------------------------------
+-------------------------------------------------+
|                                                 |
|   Understood, removed task 1:                   |
|   [T][Y] make cake                              |
|   You now have a total of 2 tasks in the list   |
|                                                 |
+-------------------------------------------------+
       ____________      ____________      ____________
______/ [T]: 0     \____/ [D]: 1     \____/ [E]: 1     \____
|| >>> ------------------------------------------------------------
+-------------------------------------------------------+
|                                                       |
|   Understood, reverting task 2 back as not done:      |
|   [E][X] countdown party (at: 22 Sep 2020 11:59 PM)   |
|                                                       |
+-------------------------------------------------------+
       ____________      ____________      ____________
______/ [T]: 0     \____/ [D]: 1     \____/ [E]: 1     \____
|| >>> ------------------------------------------------------------
+----------------------------------------------------------+
|                                                          |
|   Here are the tasks in your list                        |
|   1. [D][Y] revise math (by: 22 Jan 2020 10:00 PM)       |
|   2. [E][X] countdown party (at: 22 Sep 2020 11:59 PM)   |
|                                                          |
+----------------------------------------------------------+
       ____________      ____________      ____________
______/ [T]: 0     \____/ [D]: 1     \____/ [E]: 1     \____
|| >>> ------------------------------------------------------------
____________________________________________________________
 __
( ")  Bye! I said with a disappointed look.
|| \
|_||  2 entries of tasks has been saved under ./data/duke.txt
____________________________________________________________
